// Vitest Snapshot v1, https://vitest.dev/guide/snapshot.html

exports[`acala & polkadot > acala transfer DOT to polkadot > balance on from chain 1`] = `
{
  "free": 9000000000000,
  "frozen": 0,
  "reserved": 0,
}
`;

exports[`acala & polkadot > acala transfer DOT to polkadot > balance on to chain 1`] = `
{
  "consumers": 0,
  "data": {
    "flags": "0x80000000000000000000000000000000",
    "free": "(rounded 1000000000000)",
    "frozen": 0,
    "reserved": 0,
  },
  "nonce": 0,
  "providers": 1,
  "sufficients": 0,
}
`;

exports[`acala & polkadot > acala transfer DOT to polkadot > from chain ump messages 1`] = `
[
  {
    "v2": [
      {
        "withdrawAsset": [
          {
            "fun": {
              "fungible": 1000000000000,
            },
            "id": {
              "concrete": {
                "interior": {
                  "here": null,
                },
                "parents": 0,
              },
            },
          },
        ],
      },
      {
        "clearOrigin": null,
      },
      {
        "buyExecution": {
          "fees": {
            "fun": {
              "fungible": 1000000000000,
            },
            "id": {
              "concrete": {
                "interior": {
                  "here": null,
                },
                "parents": 0,
              },
            },
          },
          "weightLimit": {
            "unlimited": null,
          },
        },
      },
      {
        "depositAsset": {
          "assets": {
            "wild": {
              "all": null,
            },
          },
          "beneficiary": {
            "interior": {
              "x1": {
                "accountId32": {
                  "id": "0xd17c2d7823ebf260fd138f2d7e27d114c0145d968b5ff5006125f2414fadae69",
                  "network": {
                    "any": null,
                  },
                },
              },
            },
            "parents": 0,
          },
          "maxAssets": 1,
        },
      },
    ],
  },
]
`;

exports[`acala & polkadot > acala transfer DOT to polkadot > to chain ump events 1`] = `
[
  {
    "data": {
      "id": "(hash)",
      "origin": {
        "Ump": {
          "Para": 2000,
        },
      },
      "success": true,
      "weightUsed": {
        "proofSize": "(rounded 7200)",
        "refTime": "(rounded 260000000)",
      },
    },
    "method": "Processed",
    "section": "messageQueue",
  },
]
`;

exports[`acala & polkadot > acala transfer DOT to polkadot > tx events 1`] = `
[
  {
    "data": {
      "assets": [
        {
          "fun": {
            "Fungible": 1000000000000,
          },
          "id": {
            "interior": "Here",
            "parents": 1,
          },
        },
      ],
      "dest": {
        "interior": {
          "X1": [
            {
              "AccountId32": {
                "id": "(hash)",
                "network": null,
              },
            },
          ],
        },
        "parents": 1,
      },
      "fee": {
        "fun": {
          "Fungible": 1000000000000,
        },
        "id": {
          "interior": "Here",
          "parents": 1,
        },
      },
      "sender": "23y3WetbNi6rDMgHmyRDjgpb7PnhgPotuPPawxruTMLYTLzG",
    },
    "method": "TransferredAssets",
    "section": "xTokens",
  },
]
`;

exports[`acala & polkadot > acala transfer DOT wiht limited weight > balance on from chain 1`] = `
{
  "free": 9000000000000,
  "frozen": 0,
  "reserved": 0,
}
`;

exports[`acala & polkadot > acala transfer DOT wiht limited weight > balance on to chain 1`] = `
{
  "consumers": 0,
  "data": {
    "flags": "0x80000000000000000000000000000000",
    "free": "(rounded 1000000000000)",
    "frozen": 0,
    "reserved": 0,
  },
  "nonce": 0,
  "providers": 1,
  "sufficients": 0,
}
`;

exports[`acala & polkadot > acala transfer DOT wiht limited weight > from chain ump messages 1`] = `
[
  {
    "v2": [
      {
        "withdrawAsset": [
          {
            "fun": {
              "fungible": 1000000000000,
            },
            "id": {
              "concrete": {
                "interior": {
                  "here": null,
                },
                "parents": 0,
              },
            },
          },
        ],
      },
      {
        "clearOrigin": null,
      },
      {
        "buyExecution": {
          "fees": {
            "fun": {
              "fungible": 1000000000000,
            },
            "id": {
              "concrete": {
                "interior": {
                  "here": null,
                },
                "parents": 0,
              },
            },
          },
          "weightLimit": {
            "limited": 5000000000,
          },
        },
      },
      {
        "depositAsset": {
          "assets": {
            "wild": {
              "all": null,
            },
          },
          "beneficiary": {
            "interior": {
              "x1": {
                "accountId32": {
                  "id": "0xd17c2d7823ebf260fd138f2d7e27d114c0145d968b5ff5006125f2414fadae69",
                  "network": {
                    "any": null,
                  },
                },
              },
            },
            "parents": 0,
          },
          "maxAssets": 1,
        },
      },
    ],
  },
]
`;

exports[`acala & polkadot > acala transfer DOT wiht limited weight > to chain ump events 1`] = `
[
  {
    "data": {
      "id": "(hash)",
      "origin": {
        "Ump": {
          "Para": 2000,
        },
      },
      "success": true,
      "weightUsed": {
        "proofSize": "(rounded 7200)",
        "refTime": "(rounded 260000000)",
      },
    },
    "method": "Processed",
    "section": "messageQueue",
  },
]
`;

exports[`acala & polkadot > acala transfer DOT wiht limited weight > tx events 1`] = `
[
  {
    "data": {
      "assets": [
        {
          "fun": {
            "Fungible": 1000000000000,
          },
          "id": {
            "interior": "Here",
            "parents": 1,
          },
        },
      ],
      "dest": {
        "interior": {
          "X1": [
            {
              "AccountId32": {
                "id": "(hash)",
                "network": null,
              },
            },
          ],
        },
        "parents": 1,
      },
      "fee": {
        "fun": {
          "Fungible": 1000000000000,
        },
        "id": {
          "interior": "Here",
          "parents": 1,
        },
      },
      "sender": "23y3WetbNi6rDMgHmyRDjgpb7PnhgPotuPPawxruTMLYTLzG",
    },
    "method": "TransferredAssets",
    "section": "xTokens",
  },
]
`;

exports[`acala & polkadot > polkadot transfer DOT to acala > balance on from chain 1`] = `
{
  "consumers": 0,
  "data": {
    "flags": "0x80000000000000000000000000000000",
    "free": "(rounded 9000000000000)",
    "frozen": 0,
    "reserved": 0,
  },
  "nonce": 1,
  "providers": 1,
  "sufficients": 0,
}
`;

exports[`acala & polkadot > polkadot transfer DOT to acala > balance on to chain 1`] = `
{
  "free": "(rounded 1000000000000)",
  "frozen": 0,
  "reserved": 0,
}
`;

exports[`acala & polkadot > polkadot transfer DOT to acala > to chain dmp events 1`] = `
[
  {
    "data": {
      "id": "(hash)",
      "origin": "Parent",
      "success": true,
      "weightUsed": {
        "proofSize": 0,
        "refTime": 1000000000,
      },
    },
    "method": "Processed",
    "section": "messageQueue",
  },
]
`;

exports[`acala & polkadot > polkadot transfer DOT to acala > tx events 1`] = `
[
  {
    "data": {
      "outcome": {
        "Complete": {
          "used": {
            "proofSize": "(rounded 6200)",
            "refTime": "(rounded 246000000)",
          },
        },
      },
    },
    "method": "Attempted",
    "section": "xcmPallet",
  },
  {
    "data": {
      "fees": [
        {
          "fun": {
            "Fungible": 397000000,
          },
          "id": {
            "interior": "Here",
            "parents": 0,
          },
        },
      ],
      "paying": {
        "interior": {
          "X1": [
            {
              "AccountId32": {
                "id": "(hash)",
                "network": "Polkadot",
              },
            },
          ],
        },
        "parents": 0,
      },
    },
    "method": "FeesPaid",
    "section": "xcmPallet",
  },
  {
    "data": {
      "destination": {
        "interior": {
          "X1": [
            {
              "Parachain": 2000,
            },
          ],
        },
        "parents": 0,
      },
      "message": [
        {
          "ReserveAssetDeposited": [
            {
              "fun": {
                "Fungible": 1000000000000,
              },
              "id": {
                "interior": "Here",
                "parents": 1,
              },
            },
          ],
        },
        "ClearOrigin",
        {
          "BuyExecution": {
            "fees": {
              "fun": {
                "Fungible": 1000000000000,
              },
              "id": {
                "interior": "Here",
                "parents": 1,
              },
            },
            "weightLimit": "Unlimited",
          },
        },
        {
          "DepositAsset": {
            "assets": {
              "Wild": {
                "AllCounted": 1,
              },
            },
            "beneficiary": {
              "interior": {
                "X1": [
                  {
                    "AccountId32": {
                      "id": "(hash)",
                      "network": null,
                    },
                  },
                ],
              },
              "parents": 0,
            },
          },
        },
      ],
      "messageId": "(hash)",
      "origin": {
        "interior": {
          "X1": [
            {
              "AccountId32": {
                "id": "(hash)",
                "network": "Polkadot",
              },
            },
          ],
        },
        "parents": 0,
      },
    },
    "method": "Sent",
    "section": "xcmPallet",
  },
]
`;
