// Vitest Snapshot v1, https://vitest.dev/guide/snapshot.html

exports[`assetHubPolkadot & collectivesPolkadot > assetHubPolkadot transfer DOT to collectivesPolkadot > balance on from chain 1`] = `
{
  "consumers": 0,
  "data": {
    "flags": "0x80000000000000000000000000000000",
    "free": "(rounded 9000000000000)",
    "frozen": 0,
    "reserved": 0,
  },
  "nonce": 1,
  "providers": 1,
  "sufficients": 0,
}
`;

exports[`assetHubPolkadot & collectivesPolkadot > assetHubPolkadot transfer DOT to collectivesPolkadot > balance on to chain 1`] = `
{
  "consumers": 0,
  "data": {
    "flags": "0x80000000000000000000000000000000",
    "free": "(rounded 1000000000000)",
    "frozen": 0,
    "reserved": 0,
  },
  "nonce": 0,
  "providers": 1,
  "sufficients": 0,
}
`;

exports[`assetHubPolkadot & collectivesPolkadot > assetHubPolkadot transfer DOT to collectivesPolkadot > from chain hrmp messages 1`] = `
[
  {
    "data": [
      "ConcatenatedVersionedXcm",
      {
        "v5": [
          {
            "receiveTeleportedAsset": [
              {
                "fun": {
                  "fungible": 1000000000000,
                },
                "id": {
                  "interior": {
                    "here": null,
                  },
                  "parents": 1,
                },
              },
            ],
          },
          {
            "clearOrigin": null,
          },
          {
            "buyExecution": {
              "fees": {
                "fun": {
                  "fungible": 1000000000000,
                },
                "id": {
                  "interior": {
                    "here": null,
                  },
                  "parents": 1,
                },
              },
              "weightLimit": {
                "unlimited": null,
              },
            },
          },
          {
            "depositAsset": {
              "assets": {
                "wild": {
                  "allCounted": 1,
                },
              },
              "beneficiary": {
                "interior": {
                  "x1": [
                    {
                      "accountId32": {
                        "id": "0x5e639b43e0052c47447dac87d6fd2b6ec50bdd4d0f614e4299c665249bbd09d9",
                        "network": null,
                      },
                    },
                  ],
                },
                "parents": 0,
              },
            },
          },
          {
            "setTopic": "(redacted)",
          },
        ],
      },
    ],
    "recipient": 1001,
  },
]
`;

exports[`assetHubPolkadot & collectivesPolkadot > assetHubPolkadot transfer DOT to collectivesPolkadot > to chain xcm events 1`] = `
[
  {
    "data": {
      "id": "(hash)",
      "origin": {
        "Sibling": 1000,
      },
      "success": true,
      "weightUsed": {
        "proofSize": "(rounded 3600)",
        "refTime": "(rounded 160000000)",
      },
    },
    "method": "Processed",
    "section": "messageQueue",
  },
]
`;

exports[`assetHubPolkadot & collectivesPolkadot > assetHubPolkadot transfer DOT to collectivesPolkadot > tx events 1`] = `
[
  {
    "data": {
      "outcome": {
        "Complete": {
          "used": {
            "proofSize": "(rounded 3600)",
            "refTime": "(rounded 190000000)",
          },
        },
      },
    },
    "method": "Attempted",
    "section": "polkadotXcm",
  },
  {
    "data": {
      "fees": [
        {
          "fun": {
            "Fungible": "(rounded 300000000)",
          },
          "id": {
            "interior": "Here",
            "parents": 1,
          },
        },
      ],
      "paying": {
        "interior": {
          "X1": [
            {
              "AccountId32": {
                "id": "(hash)",
                "network": "Polkadot",
              },
            },
          ],
        },
        "parents": 0,
      },
    },
    "method": "FeesPaid",
    "section": "polkadotXcm",
  },
  {
    "data": {
      "destination": {
        "interior": {
          "X1": [
            {
              "Parachain": "(rounded 1000)",
            },
          ],
        },
        "parents": 1,
      },
      "message": [
        {
          "ReceiveTeleportedAsset": [
            {
              "fun": {
                "Fungible": 1000000000000,
              },
              "id": {
                "interior": "Here",
                "parents": 1,
              },
            },
          ],
        },
        "ClearOrigin",
        {
          "BuyExecution": {
            "fees": {
              "fun": {
                "Fungible": 1000000000000,
              },
              "id": {
                "interior": "Here",
                "parents": 1,
              },
            },
            "weightLimit": "Unlimited",
          },
        },
        {
          "DepositAsset": {
            "assets": {
              "Wild": {
                "AllCounted": 1,
              },
            },
            "beneficiary": {
              "interior": {
                "X1": [
                  {
                    "AccountId32": {
                      "id": "(hash)",
                      "network": null,
                    },
                  },
                ],
              },
              "parents": 0,
            },
          },
        },
      ],
      "messageId": "(hash)",
      "origin": {
        "interior": {
          "X1": [
            {
              "AccountId32": {
                "id": "(hash)",
                "network": "Polkadot",
              },
            },
          ],
        },
        "parents": 0,
      },
    },
    "method": "Sent",
    "section": "polkadotXcm",
  },
]
`;

exports[`assetHubPolkadot & collectivesPolkadot > collectivesPolkadot transfer DOT to assetHubPolkadot > balance on from chain 1`] = `
{
  "consumers": 0,
  "data": {
    "flags": "0x80000000000000000000000000000000",
    "free": "(rounded 9000000000000)",
    "frozen": 0,
    "reserved": 0,
  },
  "nonce": 1,
  "providers": 1,
  "sufficients": 0,
}
`;

exports[`assetHubPolkadot & collectivesPolkadot > collectivesPolkadot transfer DOT to assetHubPolkadot > balance on to chain 1`] = `
{
  "consumers": 0,
  "data": {
    "flags": "0x80000000000000000000000000000000",
    "free": "(rounded 1000000000000)",
    "frozen": 0,
    "reserved": 0,
  },
  "nonce": 0,
  "providers": 1,
  "sufficients": 0,
}
`;

exports[`assetHubPolkadot & collectivesPolkadot > collectivesPolkadot transfer DOT to assetHubPolkadot > from chain hrmp messages 1`] = `
[
  {
    "data": [
      "ConcatenatedVersionedXcm",
      {
        "v5": [
          {
            "receiveTeleportedAsset": [
              {
                "fun": {
                  "fungible": 1000000000000,
                },
                "id": {
                  "interior": {
                    "here": null,
                  },
                  "parents": 1,
                },
              },
            ],
          },
          {
            "clearOrigin": null,
          },
          {
            "buyExecution": {
              "fees": {
                "fun": {
                  "fungible": 1000000000000,
                },
                "id": {
                  "interior": {
                    "here": null,
                  },
                  "parents": 1,
                },
              },
              "weightLimit": {
                "unlimited": null,
              },
            },
          },
          {
            "depositAsset": {
              "assets": {
                "wild": {
                  "allCounted": 1,
                },
              },
              "beneficiary": {
                "interior": {
                  "x1": [
                    {
                      "accountId32": {
                        "id": "0x5e639b43e0052c47447dac87d6fd2b6ec50bdd4d0f614e4299c665249bbd09d9",
                        "network": null,
                      },
                    },
                  ],
                },
                "parents": 0,
              },
            },
          },
          {
            "setTopic": "(redacted)",
          },
        ],
      },
    ],
    "recipient": 1000,
  },
]
`;

exports[`assetHubPolkadot & collectivesPolkadot > collectivesPolkadot transfer DOT to assetHubPolkadot > to chain xcm events 1`] = `
[
  {
    "data": {
      "id": "(hash)",
      "origin": {
        "Sibling": "(rounded 1000)",
      },
      "success": true,
      "weightUsed": {
        "proofSize": "(rounded 3600)",
        "refTime": "(rounded 160000000)",
      },
    },
    "method": "Processed",
    "section": "messageQueue",
  },
]
`;

exports[`assetHubPolkadot & collectivesPolkadot > collectivesPolkadot transfer DOT to assetHubPolkadot > tx events 1`] = `
[
  {
    "data": {
      "outcome": {
        "Complete": {
          "used": {
            "proofSize": "(rounded 3600)",
            "refTime": "(rounded 170000000)",
          },
        },
      },
    },
    "method": "Attempted",
    "section": "polkadotXcm",
  },
  {
    "data": {
      "fees": [
        {
          "fun": {
            "Fungible": "(rounded 300000000)",
          },
          "id": {
            "interior": "Here",
            "parents": 1,
          },
        },
      ],
      "paying": {
        "interior": {
          "X1": [
            {
              "AccountId32": {
                "id": "(hash)",
                "network": "Polkadot",
              },
            },
          ],
        },
        "parents": 0,
      },
    },
    "method": "FeesPaid",
    "section": "polkadotXcm",
  },
  {
    "data": {
      "destination": {
        "interior": {
          "X1": [
            {
              "Parachain": 1000,
            },
          ],
        },
        "parents": 1,
      },
      "message": [
        {
          "ReceiveTeleportedAsset": [
            {
              "fun": {
                "Fungible": 1000000000000,
              },
              "id": {
                "interior": "Here",
                "parents": 1,
              },
            },
          ],
        },
        "ClearOrigin",
        {
          "BuyExecution": {
            "fees": {
              "fun": {
                "Fungible": 1000000000000,
              },
              "id": {
                "interior": "Here",
                "parents": 1,
              },
            },
            "weightLimit": "Unlimited",
          },
        },
        {
          "DepositAsset": {
            "assets": {
              "Wild": {
                "AllCounted": 1,
              },
            },
            "beneficiary": {
              "interior": {
                "X1": [
                  {
                    "AccountId32": {
                      "id": "(hash)",
                      "network": null,
                    },
                  },
                ],
              },
              "parents": 0,
            },
          },
        },
      ],
      "messageId": "(hash)",
      "origin": {
        "interior": {
          "X1": [
            {
              "AccountId32": {
                "id": "(hash)",
                "network": "Polkadot",
              },
            },
          ],
        },
        "parents": 0,
      },
    },
    "method": "Sent",
    "section": "polkadotXcm",
  },
]
`;
