// Vitest Snapshot v1, https://vitest.dev/guide/snapshot.html

exports[`hydration & moonbeam > hydration transfer DOT to moonbeam > balance on from chain 1`] = `
{
  "free": 998000000000000,
  "frozen": 0,
  "reserved": 0,
}
`;

exports[`hydration & moonbeam > hydration transfer DOT to moonbeam > balance on to chain 1`] = `
{
  "balance": "(rounded 2000000000000)",
  "extra": null,
  "reason": {
    "sufficient": null,
  },
  "status": "Liquid",
}
`;

exports[`hydration & moonbeam > hydration transfer DOT to moonbeam > from chain ump messages 1`] = `
[
  {
    "v3": [
      {
        "withdrawAsset": [
          {
            "fun": {
              "fungible": 2000000000000,
            },
            "id": {
              "concrete": {
                "interior": {
                  "here": null,
                },
                "parents": 0,
              },
            },
          },
        ],
      },
      {
        "clearOrigin": null,
      },
      {
        "buyExecution": {
          "fees": {
            "fun": {
              "fungible": 1000000000000,
            },
            "id": {
              "concrete": {
                "interior": {
                  "here": null,
                },
                "parents": 0,
              },
            },
          },
          "weightLimit": {
            "unlimited": null,
          },
        },
      },
      {
        "depositReserveAsset": {
          "assets": {
            "wild": {
              "allCounted": 1,
            },
          },
          "dest": {
            "interior": {
              "x1": {
                "parachain": 2004,
              },
            },
            "parents": 0,
          },
          "xcm": [
            {
              "buyExecution": {
                "fees": {
                  "fun": {
                    "fungible": 1000000000000,
                  },
                  "id": {
                    "concrete": {
                      "interior": {
                        "here": null,
                      },
                      "parents": 1,
                    },
                  },
                },
                "weightLimit": {
                  "unlimited": null,
                },
              },
            },
            {
              "depositAsset": {
                "assets": {
                  "wild": {
                    "allCounted": 1,
                  },
                },
                "beneficiary": {
                  "interior": {
                    "x1": {
                      "accountKey20": {
                        "key": "0xf24ff3a9cf04c71dbc94d0b566f7a27b94566cac",
                        "network": null,
                      },
                    },
                  },
                  "parents": 0,
                },
              },
            },
          ],
        },
      },
      {
        "setTopic": "(redacted)",
      },
    ],
  },
]
`;

exports[`hydration & moonbeam > hydration transfer DOT to moonbeam > route chain xcm events 1`] = `
[
  {
    "data": {
      "id": "(hash)",
      "origin": {
        "Ump": {
          "Para": "(rounded 2000)",
        },
      },
      "success": true,
      "weightUsed": {
        "proofSize": "(rounded 7200)",
        "refTime": "(rounded 580000000)",
      },
    },
    "method": "Processed",
    "section": "messageQueue",
  },
]
`;

exports[`hydration & moonbeam > hydration transfer DOT to moonbeam > to chain xcm events 1`] = `
[
  {
    "data": {
      "id": "(hash)",
      "origin": "Parent",
      "success": true,
      "weightUsed": {
        "proofSize": "(rounded 29000)",
        "refTime": "(rounded 4200000000)",
      },
    },
    "method": "Processed",
    "section": "messageQueue",
  },
]
`;

exports[`hydration & moonbeam > hydration transfer DOT to moonbeam > tx events 1`] = `
[
  {
    "data": {
      "assets": [
        {
          "fun": {
            "Fungible": 2000000000000,
          },
          "id": {
            "interior": "Here",
            "parents": 1,
          },
        },
      ],
      "dest": {
        "interior": {
          "X2": [
            {
              "Parachain": "(rounded 2000)",
            },
            {
              "AccountKey20": {
                "key": "0xf24ff3a9cf04c71dbc94d0b566f7a27b94566cac",
                "network": null,
              },
            },
          ],
        },
        "parents": 1,
      },
      "fee": {
        "fun": {
          "Fungible": 2000000000000,
        },
        "id": {
          "interior": "Here",
          "parents": 1,
        },
      },
      "sender": "7Lh1DEaxk8TNVU7snC3UkSv7N7NHb7BUuEkYZBwrzfrPNQE3",
    },
    "method": "TransferredAssets",
    "section": "xTokens",
  },
]
`;

exports[`hydration & moonbeam > hydration transfer GLMR to moonbeam > balance on from chain 1`] = `
{
  "free": 4.98e+22,
  "frozen": 0,
  "reserved": 0,
}
`;

exports[`hydration & moonbeam > hydration transfer GLMR to moonbeam > balance on to chain 1`] = `
{
  "consumers": 0,
  "data": {
    "flags": "0x80000000000000000000000000000000",
    "free": "(rounded 200000000000000000000)",
    "frozen": 0,
    "reserved": 0,
  },
  "nonce": 2,
  "providers": 1,
  "sufficients": 0,
}
`;

exports[`hydration & moonbeam > hydration transfer GLMR to moonbeam > from chain hrmp messages 1`] = `
[
  {
    "data": [
      "ConcatenatedVersionedXcm",
      {
        "v3": [
          {
            "withdrawAsset": [
              {
                "fun": {
                  "fungible": "0x000000000000000ad78ebc5ac6200000",
                },
                "id": {
                  "concrete": {
                    "interior": {
                      "x1": {
                        "palletInstance": 10,
                      },
                    },
                    "parents": 0,
                  },
                },
              },
            ],
          },
          {
            "clearOrigin": null,
          },
          {
            "buyExecution": {
              "fees": {
                "fun": {
                  "fungible": "0x000000000000000ad78ebc5ac6200000",
                },
                "id": {
                  "concrete": {
                    "interior": {
                      "x1": {
                        "palletInstance": 10,
                      },
                    },
                    "parents": 0,
                  },
                },
              },
              "weightLimit": {
                "unlimited": null,
              },
            },
          },
          {
            "depositAsset": {
              "assets": {
                "wild": {
                  "allCounted": 1,
                },
              },
              "beneficiary": {
                "interior": {
                  "x1": {
                    "accountKey20": {
                      "key": "0x3cd0a705a2dc65e5b1e1205896baa2be8a07c6e0",
                      "network": null,
                    },
                  },
                },
                "parents": 0,
              },
            },
          },
          {
            "setTopic": "(redacted)",
          },
        ],
      },
    ],
    "recipient": 2004,
  },
]
`;

exports[`hydration & moonbeam > hydration transfer GLMR to moonbeam > route chain xcm events 1`] = `[]`;

exports[`hydration & moonbeam > hydration transfer GLMR to moonbeam > to chain xcm events 1`] = `
[
  {
    "data": {
      "id": "(hash)",
      "origin": {
        "Sibling": "(rounded 2000)",
      },
      "success": true,
      "weightUsed": {
        "proofSize": "(rounded 38000)",
        "refTime": "(rounded 7600000000)",
      },
    },
    "method": "Processed",
    "section": "messageQueue",
  },
]
`;

exports[`hydration & moonbeam > hydration transfer GLMR to moonbeam > tx events 1`] = `
[
  {
    "data": {
      "assets": [
        {
          "fun": {
            "Fungible": 200000000000000000000,
          },
          "id": {
            "interior": {
              "X2": [
                {
                  "Parachain": "(rounded 2000)",
                },
                {
                  "PalletInstance": 10,
                },
              ],
            },
            "parents": 1,
          },
        },
      ],
      "dest": {
        "interior": {
          "X2": [
            {
              "Parachain": "(rounded 2000)",
            },
            {
              "AccountKey20": {
                "key": "0x3cd0a705a2dc65e5b1e1205896baa2be8a07c6e0",
                "network": null,
              },
            },
          ],
        },
        "parents": 1,
      },
      "fee": {
        "fun": {
          "Fungible": 200000000000000000000,
        },
        "id": {
          "interior": {
            "X2": [
              {
                "Parachain": "(rounded 2000)",
              },
              {
                "PalletInstance": 10,
              },
            ],
          },
          "parents": 1,
        },
      },
      "sender": "7Lh1DEaxk8TNVU7snC3UkSv7N7NHb7BUuEkYZBwrzfrPNQE3",
    },
    "method": "TransferredAssets",
    "section": "xTokens",
  },
]
`;

exports[`hydration & moonbeam > moonbeam transfer DOT to hydration > balance on from chain 1`] = `
{
  "balance": 9980000000000,
  "extra": null,
  "reason": {
    "consumer": null,
  },
  "status": "Liquid",
}
`;

exports[`hydration & moonbeam > moonbeam transfer DOT to hydration > balance on to chain 1`] = `
{
  "free": "(rounded 19600000000)",
  "frozen": 0,
  "reserved": 0,
}
`;

exports[`hydration & moonbeam > moonbeam transfer DOT to hydration > from chain ump messages 1`] = `
[
  {
    "v3": [
      {
        "withdrawAsset": [
          {
            "fun": {
              "fungible": 20000000000,
            },
            "id": {
              "concrete": {
                "interior": {
                  "here": null,
                },
                "parents": 0,
              },
            },
          },
        ],
      },
      {
        "clearOrigin": null,
      },
      {
        "buyExecution": {
          "fees": {
            "fun": {
              "fungible": 10000000000,
            },
            "id": {
              "concrete": {
                "interior": {
                  "here": null,
                },
                "parents": 0,
              },
            },
          },
          "weightLimit": {
            "unlimited": null,
          },
        },
      },
      {
        "depositReserveAsset": {
          "assets": {
            "wild": {
              "allCounted": 1,
            },
          },
          "dest": {
            "interior": {
              "x1": {
                "parachain": 2034,
              },
            },
            "parents": 0,
          },
          "xcm": [
            {
              "buyExecution": {
                "fees": {
                  "fun": {
                    "fungible": 10000000000,
                  },
                  "id": {
                    "concrete": {
                      "interior": {
                        "here": null,
                      },
                      "parents": 1,
                    },
                  },
                },
                "weightLimit": {
                  "unlimited": null,
                },
              },
            },
            {
              "depositAsset": {
                "assets": {
                  "wild": {
                    "allCounted": 1,
                  },
                },
                "beneficiary": {
                  "interior": {
                    "x1": {
                      "accountId32": {
                        "id": "0xd17c2d7823ebf260fd138f2d7e27d114c0145d968b5ff5006125f2414fadae69",
                        "network": null,
                      },
                    },
                  },
                  "parents": 0,
                },
              },
            },
          ],
        },
      },
    ],
  },
]
`;

exports[`hydration & moonbeam > moonbeam transfer DOT to hydration > route chain xcm events 1`] = `
[
  {
    "data": {
      "id": "(hash)",
      "origin": {
        "Ump": {
          "Para": "(rounded 2000)",
        },
      },
      "success": true,
      "weightUsed": {
        "proofSize": "(rounded 7200)",
        "refTime": "(rounded 580000000)",
      },
    },
    "method": "Processed",
    "section": "messageQueue",
  },
]
`;

exports[`hydration & moonbeam > moonbeam transfer DOT to hydration > to chain xcm events 1`] = `
[
  {
    "data": {
      "id": "(hash)",
      "origin": "Parent",
      "success": true,
      "weightUsed": {
        "proofSize": 0,
        "refTime": 500000000,
      },
    },
    "method": "Processed",
    "section": "messageQueue",
  },
]
`;

exports[`hydration & moonbeam > moonbeam transfer DOT to hydration > tx events 1`] = `
[
  {
    "data": {
      "outcome": {
        "Complete": {
          "used": {
            "proofSize": "(rounded 20000)",
            "refTime": "(rounded 4700000000)",
          },
        },
      },
    },
    "method": "Attempted",
    "section": "polkadotXcm",
  },
]
`;
